../Core/Src/heaterController.c:13:6:initHeater	8	static
../Core/Src/heaterController.c:18:6:heaterControl	16	static
../Core/Src/heaterController.c:34:5:returnNumberheaterControl	16	static
../Core/Src/heaterController.c:45:6:temper_up	8	static
../Core/Src/heaterController.c:55:6:temper_down	8	static
../Core/Src/heaterController.c:67:6:setFixedTemper	4	static
../Core/Src/heaterController.c:71:5:getFixedTemper	4	static
../Core/Src/heaterController.c:76:6:heaterOnOff	16	static
../Core/Src/heaterController.c:92:9:getHeaterState	4	static
