../Core/Src/main.c:88:10:getSwState	8	static
../Core/Src/main.c:96:5:main	16	static
../Core/Src/main.c:180:6:SystemClock_Config	72	static
../Core/Src/main.c:217:13:MX_I2C2_Init	8	static
../Core/Src/main.c:249:13:MX_SPI2_Init	8	static
../Core/Src/main.c:285:13:MX_TIM2_Init	32	static
../Core/Src/main.c:327:13:MX_TIM3_Init	32	static
../Core/Src/main.c:369:13:MX_USART1_UART_Init	8	static
../Core/Src/main.c:400:13:MX_GPIO_Init	40	static
../Core/Src/main.c:498:6:Error_Handler	4	static,ignoring_inline_asm
